[Fri Nov 01 00:30:55.737928 2019] [php7:warn] [pid 22079] [client 127.0.0.1:38884] PHP Warning:  file(/data/demographic_data.csv): failed to open stream: No such file or directory in /var/www/html/demographic.php on line 29, referer: http://127.0.1.1/demographic_questionnaire.html
[Fri Nov 01 00:30:55.759704 2019] [php7:warn] [pid 22079] [client 127.0.0.1:38884] PHP Warning:  array_map(): Argument #2 should be an array in /var/www/html/demographic.php on line 29, referer: http://127.0.1.1/demographic_questionnaire.html
[Fri Nov 01 00:30:55.759777 2019] [php7:warn] [pid 22079] [client 127.0.0.1:38884] PHP Warning:  array_walk() expects parameter 1 to be array, null given in /var/www/html/demographic.php on line 32, referer: http://127.0.1.1/demographic_questionnaire.html
[Fri Nov 01 00:30:55.759805 2019] [php7:warn] [pid 22079] [client 127.0.0.1:38884] PHP Warning:  array_shift() expects parameter 1 to be array, null given in /var/www/html/demographic.php on line 33, referer: http://127.0.1.1/demographic_questionnaire.html
[Fri Nov 01 00:31:54.435512 2019] [php7:notice] [pid 21329] [client 127.0.0.1:39186] PHP Notice:  Undefined index: share_box in /var/www/html/consent.php on line 18, referer: http://127.0.1.1/consent_form.php
[Fri Nov 01 00:32:00.520736 2019] [php7:warn] [pid 22259] [client 127.0.0.1:39188] PHP Warning:  file(/data/demographic_data.csv): failed to open stream: No such file or directory in /var/www/html/demographic.php on line 29, referer: http://127.0.1.1/demographic_questionnaire.html
[Fri Nov 01 00:32:00.521062 2019] [php7:warn] [pid 22259] [client 127.0.0.1:39188] PHP Warning:  array_map(): Argument #2 should be an array in /var/www/html/demographic.php on line 29, referer: http://127.0.1.1/demographic_questionnaire.html
[Fri Nov 01 00:32:00.521190 2019] [php7:warn] [pid 22259] [client 127.0.0.1:39188] PHP Warning:  array_walk() expects parameter 1 to be array, null given in /var/www/html/demographic.php on line 32, referer: http://127.0.1.1/demographic_questionnaire.html
[Fri Nov 01 00:32:00.521291 2019] [php7:warn] [pid 22259] [client 127.0.0.1:39188] PHP Warning:  array_shift() expects parameter 1 to be array, null given in /var/www/html/demographic.php on line 33, referer: http://127.0.1.1/demographic_questionnaire.html
[Fri Nov 01 00:32:25.998482 2019] [php7:notice] [pid 22057] [client 127.0.0.1:39452] Problem saving file: /tmp/phpUQcTQq,uploads/RecordRTC-eng20-1572593545897.wav, referer: http://127.0.1.1/recorder.php
[Fri Nov 01 00:32:26.107257 2019] [php7:notice] [pid 22057] [client 127.0.0.1:39452] Problem saving file: /tmp/php3yIhaI,uploads/RecordRTC-eng20-1572593545897.wav, referer: http://127.0.1.1/recorder.php
[Fri Nov 01 00:33:42.441803 2019] [php7:notice] [pid 21329] [client 127.0.0.1:40080] PHP Notice:  Undefined index: share_box in /var/www/html/consent.php on line 18, referer: http://127.0.1.1/consent_form.php
[Fri Nov 01 00:33:48.692258 2019] [php7:warn] [pid 22287] [client 127.0.0.1:40082] PHP Warning:  file(/data/demographic_data.csv): failed to open stream: No such file or directory in /var/www/html/demographic.php on line 29, referer: http://127.0.1.1/demographic_questionnaire.html
[Fri Nov 01 00:33:48.692359 2019] [php7:warn] [pid 22287] [client 127.0.0.1:40082] PHP Warning:  array_map(): Argument #2 should be an array in /var/www/html/demographic.php on line 29, referer: http://127.0.1.1/demographic_questionnaire.html
[Fri Nov 01 00:33:48.692411 2019] [php7:warn] [pid 22287] [client 127.0.0.1:40082] PHP Warning:  array_walk() expects parameter 1 to be array, null given in /var/www/html/demographic.php on line 32, referer: http://127.0.1.1/demographic_questionnaire.html
[Fri Nov 01 00:33:48.692439 2019] [php7:warn] [pid 22287] [client 127.0.0.1:40082] PHP Warning:  array_shift() expects parameter 1 to be array, null given in /var/www/html/demographic.php on line 33, referer: http://127.0.1.1/demographic_questionnaire.html
[Fri Nov 01 00:42:44.671737 2019] [php7:notice] [pid 22446] [client 127.0.0.1:44494] PHP Notice:  Undefined index: share_box in /var/www/html/consent.php on line 18, referer: http://127.0.1.1/consent_form.php
[Fri Nov 01 00:42:52.614611 2019] [php7:warn] [pid 22447] [client 127.0.0.1:44496] PHP Warning:  file(/data/demographic_data.csv): failed to open stream: No such file or directory in /var/www/html/demographic.php on line 29, referer: http://127.0.1.1/demographic_questionnaire.html
[Fri Nov 01 00:42:52.615007 2019] [php7:warn] [pid 22447] [client 127.0.0.1:44496] PHP Warning:  array_map(): Argument #2 should be an array in /var/www/html/demographic.php on line 29, referer: http://127.0.1.1/demographic_questionnaire.html
[Fri Nov 01 00:42:52.615071 2019] [php7:warn] [pid 22447] [client 127.0.0.1:44496] PHP Warning:  array_walk() expects parameter 1 to be array, null given in /var/www/html/demographic.php on line 32, referer: http://127.0.1.1/demographic_questionnaire.html
[Fri Nov 01 00:42:52.615099 2019] [php7:warn] [pid 22447] [client 127.0.0.1:44496] PHP Warning:  array_shift() expects parameter 1 to be array, null given in /var/www/html/demographic.php on line 33, referer: http://127.0.1.1/demographic_questionnaire.html
[Fri Nov 01 01:07:22.441027 2019] [php7:notice] [pid 22447] [client 127.0.0.1:56834] PHP Notice:  Undefined index: share_box in /var/www/html/consent.php on line 18, referer: http://127.0.1.1/consent_form.php
[Fri Nov 01 01:07:28.232658 2019] [php7:warn] [pid 22448] [client 127.0.0.1:56836] PHP Warning:  file(/data/demographic_data.csv): failed to open stream: No such file or directory in /var/www/html/demographic.php on line 29, referer: http://127.0.1.1/demographic_questionnaire.html
[Fri Nov 01 01:07:28.232753 2019] [php7:warn] [pid 22448] [client 127.0.0.1:56836] PHP Warning:  array_map(): Argument #2 should be an array in /var/www/html/demographic.php on line 29, referer: http://127.0.1.1/demographic_questionnaire.html
[Fri Nov 01 01:07:28.232804 2019] [php7:warn] [pid 22448] [client 127.0.0.1:56836] PHP Warning:  array_walk() expects parameter 1 to be array, null given in /var/www/html/demographic.php on line 32, referer: http://127.0.1.1/demographic_questionnaire.html
[Fri Nov 01 01:07:28.232832 2019] [php7:warn] [pid 22448] [client 127.0.0.1:56836] PHP Warning:  array_shift() expects parameter 1 to be array, null given in /var/www/html/demographic.php on line 33, referer: http://127.0.1.1/demographic_questionnaire.html
[Fri Nov 01 01:07:28.428011 2019] [php7:warn] [pid 22448] [client 127.0.0.1:56836] PHP Warning:  file(/data/demographic_data.csv): failed to open stream: No such file or directory in /var/www/html/demographic.php on line 29, referer: http://127.0.1.1/demographic_questionnaire.html
[Fri Nov 01 01:07:28.428081 2019] [php7:warn] [pid 22448] [client 127.0.0.1:56836] PHP Warning:  array_map(): Argument #2 should be an array in /var/www/html/demographic.php on line 29, referer: http://127.0.1.1/demographic_questionnaire.html
[Fri Nov 01 01:07:28.428114 2019] [php7:warn] [pid 22448] [client 127.0.0.1:56836] PHP Warning:  array_walk() expects parameter 1 to be array, null given in /var/www/html/demographic.php on line 32, referer: http://127.0.1.1/demographic_questionnaire.html
[Fri Nov 01 01:07:28.428141 2019] [php7:warn] [pid 22448] [client 127.0.0.1:56836] PHP Warning:  array_shift() expects parameter 1 to be array, null given in /var/www/html/demographic.php on line 33, referer: http://127.0.1.1/demographic_questionnaire.html
[Fri Nov 01 01:23:49.294647 2019] [php7:notice] [pid 22730] [client 127.0.0.1:59188] PHP Notice:  Undefined index: share_box in /var/www/html/consent.php on line 18, referer: http://127.0.1.1/consent_form.php
[Fri Nov 01 01:24:04.350822 2019] [php7:warn] [pid 22447] [client 127.0.0.1:59312] PHP Warning:  file(/data/demographic_data.csv): failed to open stream: No such file or directory in /var/www/html/demographic.php on line 29, referer: http://127.0.1.1/demographic_questionnaire.html
[Fri Nov 01 01:24:04.350892 2019] [php7:warn] [pid 22447] [client 127.0.0.1:59312] PHP Warning:  array_map(): Argument #2 should be an array in /var/www/html/demographic.php on line 29, referer: http://127.0.1.1/demographic_questionnaire.html
[Fri Nov 01 01:24:04.350952 2019] [php7:warn] [pid 22447] [client 127.0.0.1:59312] PHP Warning:  array_walk() expects parameter 1 to be array, null given in /var/www/html/demographic.php on line 32, referer: http://127.0.1.1/demographic_questionnaire.html
[Fri Nov 01 01:24:04.350979 2019] [php7:warn] [pid 22447] [client 127.0.0.1:59312] PHP Warning:  array_shift() expects parameter 1 to be array, null given in /var/www/html/demographic.php on line 33, referer: http://127.0.1.1/demographic_questionnaire.html
[Fri Nov 01 01:29:48.017953 2019] [php7:notice] [pid 22735] [client 127.0.0.1:33868] PHP Notice:  Undefined variable: reading_passage in /var/www/html/accordiontest.php on line 38
[Fri Nov 01 01:40:05.639632 2019] [php7:notice] [pid 22961] [client 127.0.0.1:38968] PHP Notice:  Undefined variable: reading_passage in /var/www/html/accordiontest.php on line 30
[Fri Nov 01 10:25:03.551883 2019] [php7:notice] [pid 1244] [client 127.0.0.1:41086] PHP Notice:  Undefined index: share_box in /var/www/html/consent.php on line 18, referer: http://127.0.1.1/consent_form.php
[Fri Nov 01 10:25:32.245215 2019] [php7:warn] [pid 1310] [client 127.0.0.1:41090] PHP Warning:  file(/data/demographic_data.csv): failed to open stream: No such file or directory in /var/www/html/demographic.php on line 29, referer: http://127.0.1.1/demographic_questionnaire.html
[Fri Nov 01 10:25:32.245296 2019] [php7:warn] [pid 1310] [client 127.0.0.1:41090] PHP Warning:  array_map(): Argument #2 should be an array in /var/www/html/demographic.php on line 29, referer: http://127.0.1.1/demographic_questionnaire.html
[Fri Nov 01 10:25:32.245346 2019] [php7:warn] [pid 1310] [client 127.0.0.1:41090] PHP Warning:  array_walk() expects parameter 1 to be array, null given in /var/www/html/demographic.php on line 32, referer: http://127.0.1.1/demographic_questionnaire.html
[Fri Nov 01 10:25:32.245371 2019] [php7:warn] [pid 1310] [client 127.0.0.1:41090] PHP Warning:  array_shift() expects parameter 1 to be array, null given in /var/www/html/demographic.php on line 33, referer: http://127.0.1.1/demographic_questionnaire.html
[Fri Nov 01 10:26:27.590841 2019] [php7:notice] [pid 1241] [client 127.0.0.1:41132] Problem saving file: /tmp/phpkhDRMr,uploads/RecordRTC-eng25-1572629187458.wav, referer: http://127.0.1.1/recorder.php
[Fri Nov 01 10:30:02.402730 2019] [php7:warn] [pid 1244] [client 127.0.0.1:42690] PHP Warning:  file(/data/demographic_data.csv): failed to open stream: No such file or directory in /var/www/html/demographic.php on line 29, referer: http://127.0.1.1/demographic_questionnaire.html
[Fri Nov 01 10:30:02.402803 2019] [php7:warn] [pid 1244] [client 127.0.0.1:42690] PHP Warning:  array_map(): Argument #2 should be an array in /var/www/html/demographic.php on line 29, referer: http://127.0.1.1/demographic_questionnaire.html
[Fri Nov 01 10:30:02.402836 2019] [php7:warn] [pid 1244] [client 127.0.0.1:42690] PHP Warning:  array_walk() expects parameter 1 to be array, null given in /var/www/html/demographic.php on line 32, referer: http://127.0.1.1/demographic_questionnaire.html
[Fri Nov 01 10:30:02.402862 2019] [php7:warn] [pid 1244] [client 127.0.0.1:42690] PHP Warning:  array_shift() expects parameter 1 to be array, null given in /var/www/html/demographic.php on line 33, referer: http://127.0.1.1/demographic_questionnaire.html
[Thu Nov 07 15:50:11.860379 2019] [php7:notice] [pid 1195] [client 127.0.0.1:35206] PHP Notice:  Undefined index: lang in /var/www/html/index.php on line 4
[Thu Nov 07 15:54:02.192708 2019] [php7:notice] [pid 1198] [client 127.0.0.1:37096] PHP Notice:  Undefined index: lang in /var/www/html/consent_form.php on line 4, referer: http://127.0.1.1/?lang=fra
[Thu Nov 07 15:54:28.866434 2019] [php7:notice] [pid 1196] [client 127.0.0.1:37322] PHP Notice:  Undefined index: share_box in /var/www/html/consent.php on line 18, referer: http://127.0.1.1/consent_form.php?lang=zim
[Thu Nov 07 15:54:28.896923 2019] [php7:notice] [pid 1196] [client 127.0.0.1:37322] PHP Notice:  Undefined variable: lang in /var/www/html/consent.php on line 39, referer: http://127.0.1.1/consent_form.php?lang=zim
[Thu Nov 07 15:54:37.465526 2019] [php7:warn] [pid 1199] [client 127.0.0.1:37324] PHP Warning:  file(/data/demographic_data.csv): failed to open stream: No such file or directory in /var/www/html/demographic.php on line 29, referer: http://127.0.1.1/demographic_questionnaire.html
[Thu Nov 07 15:54:37.465611 2019] [php7:warn] [pid 1199] [client 127.0.0.1:37324] PHP Warning:  array_map(): Argument #2 should be an array in /var/www/html/demographic.php on line 29, referer: http://127.0.1.1/demographic_questionnaire.html
[Thu Nov 07 15:54:37.465655 2019] [php7:warn] [pid 1199] [client 127.0.0.1:37324] PHP Warning:  array_walk() expects parameter 1 to be array, null given in /var/www/html/demographic.php on line 32, referer: http://127.0.1.1/demographic_questionnaire.html
[Thu Nov 07 15:54:37.465681 2019] [php7:warn] [pid 1199] [client 127.0.0.1:37324] PHP Warning:  array_shift() expects parameter 1 to be array, null given in /var/www/html/demographic.php on line 33, referer: http://127.0.1.1/demographic_questionnaire.html
[Thu Nov 07 15:57:47.897077 2019] [php7:notice] [pid 1196] [client 127.0.0.1:38948] PHP Notice:  Undefined index: lang in /var/www/html/index.php on line 4
[Thu Nov 07 15:57:52.059847 2019] [php7:notice] [pid 1196] [client 127.0.0.1:38948] PHP Notice:  Undefined index: lang in /var/www/html/consent_form.php on line 4, referer: http://127.0.1.1/
[Thu Nov 07 15:58:21.944363 2019] [php7:notice] [pid 1412] [client 127.0.0.1:39204] PHP Notice:  Undefined index: lang in /var/www/html/consent_form.php on line 4, referer: http://127.0.1.1/?lang=zim
[Thu Nov 07 16:02:27.202988 2019] [php7:notice] [pid 1198] [client 127.0.0.1:41208] PHP Notice:  Undefined index: lang in /var/www/html/index.php on line 4
[Thu Nov 07 16:02:56.487216 2019] [php7:notice] [pid 1196] [client 127.0.0.1:41454] PHP Notice:  Undefined index: share_box in /var/www/html/consent.php on line 18, referer: http://127.0.1.1/consent_form.php?lang=fr
[Thu Nov 07 16:02:56.488212 2019] [php7:notice] [pid 1196] [client 127.0.0.1:41454] PHP Notice:  Undefined variable: lang in /var/www/html/consent.php on line 39, referer: http://127.0.1.1/consent_form.php?lang=fr
[Thu Nov 07 16:03:00.340273 2019] [php7:warn] [pid 1196] [client 127.0.0.1:41454] PHP Warning:  file(/data/demographic_data.csv): failed to open stream: No such file or directory in /var/www/html/demographic.php on line 29, referer: http://127.0.1.1/demographic_questionnaire.html
[Thu Nov 07 16:03:00.340346 2019] [php7:warn] [pid 1196] [client 127.0.0.1:41454] PHP Warning:  array_map(): Argument #2 should be an array in /var/www/html/demographic.php on line 29, referer: http://127.0.1.1/demographic_questionnaire.html
[Thu Nov 07 16:03:00.340430 2019] [php7:warn] [pid 1196] [client 127.0.0.1:41454] PHP Warning:  array_walk() expects parameter 1 to be array, null given in /var/www/html/demographic.php on line 32, referer: http://127.0.1.1/demographic_questionnaire.html
[Thu Nov 07 16:03:00.340457 2019] [php7:warn] [pid 1196] [client 127.0.0.1:41454] PHP Warning:  array_shift() expects parameter 1 to be array, null given in /var/www/html/demographic.php on line 33, referer: http://127.0.1.1/demographic_questionnaire.html
[Thu Nov 07 16:05:44.543834 2019] [php7:notice] [pid 1407] [client 127.0.0.1:43046] PHP Notice:  Undefined index: lang in /var/www/html/consent_form.php on line 4
[Thu Nov 07 16:05:58.385395 2019] [php7:emerg] [pid 1412] [client 127.0.0.1:43162] PHP Parse error:  syntax error, unexpected '<', expecting end of file in /var/www/html/consent.php on line 40, referer: http://127.0.1.1/consent_form.php
[Thu Nov 07 16:08:38.305090 2019] [php7:notice] [pid 1205] [client 127.0.0.1:44488] PHP Notice:  Undefined index: share_box in /var/www/html/consent.php on line 18, referer: http://127.0.1.1/consent_form.php?lang=fr
[Thu Nov 07 16:08:38.480816 2019] [php7:notice] [pid 1205] [client 127.0.0.1:44488] PHP Notice:  Undefined variable: lang in /var/www/html/consent.php on line 34, referer: http://127.0.1.1/consent_form.php?lang=fr
[Thu Nov 07 16:08:38.574174 2019] [php7:notice] [pid 1205] [client 127.0.0.1:44488] PHP Notice:  Undefined variable: lang in /var/www/html/consent.php on line 38, referer: http://127.0.1.1/consent_form.php?lang=fr
[Thu Nov 07 16:08:38.574289 2019] [php7:notice] [pid 1205] [client 127.0.0.1:44488] PHP Notice:  Undefined variable: lang in /var/www/html/consent.php on line 39, referer: http://127.0.1.1/consent_form.php?lang=fr
[Thu Nov 07 16:12:55.967627 2019] [php7:notice] [pid 1407] [client 127.0.0.1:46578] PHP Notice:  Undefined index: lang in /var/www/html/consent.php on line 13, referer: http://127.0.1.1/consent_form.php?lang=fr
[Thu Nov 07 16:12:55.999240 2019] [php7:notice] [pid 1407] [client 127.0.0.1:46578] PHP Notice:  Undefined index: share_box in /var/www/html/consent.php on line 18, referer: http://127.0.1.1/consent_form.php?lang=fr
[Thu Nov 07 16:55:21.755509 2019] [php7:notice] [pid 1198] [client 127.0.0.1:39126] PHP Notice:  Undefined variable: GET in /var/www/html/consent.php on line 13, referer: http://127.0.1.1/consent_form.php?lang=fr
[Thu Nov 07 16:55:21.893237 2019] [php7:notice] [pid 1198] [client 127.0.0.1:39126] PHP Notice:  Undefined index: share_box in /var/www/html/consent.php on line 18, referer: http://127.0.1.1/consent_form.php?lang=fr
[Thu Nov 07 17:09:51.554671 2019] [php7:notice] [pid 1205] [client 127.0.0.1:41756] PHP Notice:  Undefined index: lang in /var/www/html/index.php on line 4
[Thu Nov 07 17:10:18.741791 2019] [php7:notice] [pid 1404] [client 127.0.0.1:41764] PHP Notice:  Undefined variable: GET in /var/www/html/consent.php on line 13, referer: http://127.0.1.1/consent_form.php?lang=zim
[Thu Nov 07 17:10:31.570324 2019] [php7:warn] [pid 1411] [client 127.0.0.1:41768] PHP Warning:  file(/data/demographic_data.csv): failed to open stream: No such file or directory in /var/www/html/demographic.php on line 29, referer: http://127.0.1.1/demographic_questionnaire.html
[Thu Nov 07 17:10:31.570431 2019] [php7:warn] [pid 1411] [client 127.0.0.1:41768] PHP Warning:  array_map(): Argument #2 should be an array in /var/www/html/demographic.php on line 29, referer: http://127.0.1.1/demographic_questionnaire.html
[Thu Nov 07 17:10:31.570480 2019] [php7:warn] [pid 1411] [client 127.0.0.1:41768] PHP Warning:  array_walk() expects parameter 1 to be array, null given in /var/www/html/demographic.php on line 32, referer: http://127.0.1.1/demographic_questionnaire.html
[Thu Nov 07 17:10:31.570507 2019] [php7:warn] [pid 1411] [client 127.0.0.1:41768] PHP Warning:  array_shift() expects parameter 1 to be array, null given in /var/www/html/demographic.php on line 33, referer: http://127.0.1.1/demographic_questionnaire.html
[Thu Nov 07 17:15:01.185143 2019] [php7:notice] [pid 1197] [client 127.0.0.1:41814] PHP Notice:  Undefined variable: language in /var/www/html/consent.php on line 34, referer: http://127.0.1.1/consent_form.php?lang=zim
[Thu Nov 07 17:15:01.195387 2019] [php7:notice] [pid 1197] [client 127.0.0.1:41814] PHP Notice:  Undefined variable: language in /var/www/html/consent.php on line 38, referer: http://127.0.1.1/consent_form.php?lang=zim
[Thu Nov 07 17:15:01.195428 2019] [php7:notice] [pid 1197] [client 127.0.0.1:41814] PHP Notice:  Undefined variable: language in /var/www/html/consent.php on line 39, referer: http://127.0.1.1/consent_form.php?lang=zim
[Thu Nov 07 17:19:59.763509 2019] [php7:notice] [pid 1195] [client 127.0.0.1:41884] PHP Notice:  Undefined index: lang in /var/www/html/index.php on line 4
[Thu Nov 07 17:20:27.192074 2019] [php7:notice] [pid 1404] [client 127.0.0.1:41890] PHP Notice:  Undefined index: share_box in /var/www/html/consent.php on line 17, referer: http://127.0.1.1/consent_form.php?lang=fr
[Thu Nov 07 17:20:27.192165 2019] [php7:notice] [pid 1404] [client 127.0.0.1:41890] PHP Notice:  Undefined variable: GET in /var/www/html/consent.php on line 18, referer: http://127.0.1.1/consent_form.php?lang=fr
[Thu Nov 07 17:23:38.946315 2019] [php7:notice] [pid 1199] [client 127.0.0.1:42138] PHP Notice:  Undefined index: share_box in /var/www/html/consent.php on line 17, referer: http://127.0.1.1/consent_form.php?lang=fr
[Thu Nov 07 17:23:38.946424 2019] [php7:notice] [pid 1199] [client 127.0.0.1:42138] PHP Notice:  Undefined index: lang in /var/www/html/consent.php on line 18, referer: http://127.0.1.1/consent_form.php?lang=fr
[Thu Nov 07 17:32:18.202487 2019] [php7:notice] [pid 1197] [client 127.0.0.1:42444] PHP Notice:  Undefined index: lang in /var/www/html/index.php on line 4
[Thu Nov 07 17:35:44.365897 2019] [php7:warn] [pid 1407] [client 127.0.0.1:42528] PHP Warning:  file(/data/demographic_data.csv): failed to open stream: No such file or directory in /var/www/html/demographic.php on line 29, referer: http://127.0.1.1/demographic_questionnaire.html
[Thu Nov 07 17:35:44.365969 2019] [php7:warn] [pid 1407] [client 127.0.0.1:42528] PHP Warning:  array_map(): Argument #2 should be an array in /var/www/html/demographic.php on line 29, referer: http://127.0.1.1/demographic_questionnaire.html
[Thu Nov 07 17:35:44.366014 2019] [php7:warn] [pid 1407] [client 127.0.0.1:42528] PHP Warning:  array_walk() expects parameter 1 to be array, null given in /var/www/html/demographic.php on line 32, referer: http://127.0.1.1/demographic_questionnaire.html
[Thu Nov 07 17:35:44.366081 2019] [php7:warn] [pid 1407] [client 127.0.0.1:42528] PHP Warning:  array_shift() expects parameter 1 to be array, null given in /var/www/html/demographic.php on line 33, referer: http://127.0.1.1/demographic_questionnaire.html
[Thu Nov 07 17:38:18.369749 2019] [php7:notice] [pid 1198] [client 127.0.0.1:42598] PHP Notice:  Undefined index: share_box in /var/www/html/consent.php on line 17, referer: http://127.0.1.1/consent_form.php?lang=zim
[Thu Nov 07 17:38:29.179806 2019] [php7:warn] [pid 1205] [client 127.0.0.1:42602] PHP Warning:  file(/data/demographic_data.csv): failed to open stream: No such file or directory in /var/www/html/demographic.php on line 29, referer: http://127.0.1.1/demographic_questionnaire.html
[Thu Nov 07 17:38:29.179892 2019] [php7:warn] [pid 1205] [client 127.0.0.1:42602] PHP Warning:  array_map(): Argument #2 should be an array in /var/www/html/demographic.php on line 29, referer: http://127.0.1.1/demographic_questionnaire.html
[Thu Nov 07 17:38:29.179940 2019] [php7:warn] [pid 1205] [client 127.0.0.1:42602] PHP Warning:  array_walk() expects parameter 1 to be array, null given in /var/www/html/demographic.php on line 32, referer: http://127.0.1.1/demographic_questionnaire.html
[Thu Nov 07 17:38:29.179967 2019] [php7:warn] [pid 1205] [client 127.0.0.1:42602] PHP Warning:  array_shift() expects parameter 1 to be array, null given in /var/www/html/demographic.php on line 33, referer: http://127.0.1.1/demographic_questionnaire.html
[Thu Nov 07 17:38:29.180114 2019] [php7:error] [pid 1205] [client 127.0.0.1:42602] PHP Fatal error:  Uncaught Error: Array callback has to contain indices 0 and 1 in /var/www/html/demographic.php:39\nStack trace:\n#0 {main}\n  thrown in /var/www/html/demographic.php on line 39, referer: http://127.0.1.1/demographic_questionnaire.html
[Thu Nov 07 17:42:33.703451 2019] [php7:notice] [pid 1196] [client 127.0.0.1:42662] PHP Notice:  Undefined index: lang in /var/www/html/index.php on line 4
[Thu Nov 07 17:42:50.292017 2019] [php7:notice] [pid 1411] [client 127.0.0.1:42670] PHP Notice:  Undefined index: share_box in /var/www/html/consent.php on line 17, referer: http://127.0.1.1/consent_form.php?lang=zim
[Thu Nov 07 17:43:00.570887 2019] [php7:warn] [pid 1199] [client 127.0.0.1:42674] PHP Warning:  file(/data/demographic_data.csv): failed to open stream: No such file or directory in /var/www/html/demographic.php on line 29, referer: http://127.0.1.1/demographic_questionnaire.html
[Thu Nov 07 17:43:00.570963 2019] [php7:warn] [pid 1199] [client 127.0.0.1:42674] PHP Warning:  array_map(): Argument #2 should be an array in /var/www/html/demographic.php on line 29, referer: http://127.0.1.1/demographic_questionnaire.html
[Thu Nov 07 17:43:00.570999 2019] [php7:warn] [pid 1199] [client 127.0.0.1:42674] PHP Warning:  array_walk() expects parameter 1 to be array, null given in /var/www/html/demographic.php on line 32, referer: http://127.0.1.1/demographic_questionnaire.html
[Thu Nov 07 17:43:00.571045 2019] [php7:warn] [pid 1199] [client 127.0.0.1:42674] PHP Warning:  array_shift() expects parameter 1 to be array, null given in /var/www/html/demographic.php on line 33, referer: http://127.0.1.1/demographic_questionnaire.html
[Thu Nov 07 17:43:00.639684 2019] [php7:notice] [pid 1199] [client 127.0.0.1:42674] PHP Notice:  Undefined index: language in /var/www/html/recorder.php on line 118, referer: http://127.0.1.1/demographic_questionnaire.html
[Thu Nov 07 18:08:58.361042 2019] [php7:warn] [pid 1195] [client 127.0.0.1:42924] PHP Warning:  require_once(language/engmain.php): failed to open stream: No such file or directory in /var/www/html/index.php on line 8
[Thu Nov 07 18:08:58.361174 2019] [php7:error] [pid 1195] [client 127.0.0.1:42924] PHP Fatal error:  require_once(): Failed opening required 'language/engmain.php' (include_path='.:/usr/share/php') in /var/www/html/index.php on line 8
[Thu Nov 07 18:09:20.206031 2019] [php7:warn] [pid 1404] [client 127.0.0.1:42932] PHP Warning:  Illegal string offset 'IndexText' in /var/www/html/index.php on line 35
[Thu Nov 07 18:11:03.627073 2019] [php7:notice] [pid 1411] [client 127.0.0.1:42940] PHP Notice:  Undefined variable: langar in /var/www/html/index.php on line 35
[Thu Nov 07 18:38:05.524268 2019] [php7:emerg] [pid 1199] [client 127.0.0.1:43170] PHP Parse error:  syntax error, unexpected '<' in /var/www/html/language/eng/main.php on line 10
[Thu Nov 07 18:40:25.684646 2019] [php7:emerg] [pid 1197] [client 127.0.0.1:43184] PHP Parse error:  syntax error, unexpected 'echo' (T_ECHO) in /var/www/html/language/eng/main.php on line 10
[Thu Nov 07 18:56:36.749511 2019] [php7:notice] [pid 1404] [client 127.0.0.1:43294] PHP Notice:  Undefined index: share_box in /var/www/html/consent.php on line 17, referer: http://127.0.1.1/consent_form.php?lang=eng
[Thu Nov 07 18:56:36.779224 2019] [php7:notice] [pid 1404] [client 127.0.0.1:43294] PHP Notice:  Undefined variable: langar in /var/www/html/demographic_questionnaire.php on line 75, referer: http://127.0.1.1/consent_form.php?lang=eng
[Thu Nov 07 18:56:36.779288 2019] [php7:notice] [pid 1404] [client 127.0.0.1:43294] PHP Notice:  Undefined variable: langar in /var/www/html/demographic_questionnaire.php on line 80, referer: http://127.0.1.1/consent_form.php?lang=eng
[Thu Nov 07 18:56:36.779312 2019] [php7:notice] [pid 1404] [client 127.0.0.1:43294] PHP Notice:  Undefined variable: langar in /var/www/html/demographic_questionnaire.php on line 84, referer: http://127.0.1.1/consent_form.php?lang=eng
[Thu Nov 07 18:56:36.779335 2019] [php7:notice] [pid 1404] [client 127.0.0.1:43294] PHP Notice:  Undefined variable: langar in /var/www/html/demographic_questionnaire.php on line 88, referer: http://127.0.1.1/consent_form.php?lang=eng
[Thu Nov 07 18:56:36.779357 2019] [php7:notice] [pid 1404] [client 127.0.0.1:43294] PHP Notice:  Undefined variable: langar in /var/www/html/demographic_questionnaire.php on line 92, referer: http://127.0.1.1/consent_form.php?lang=eng
[Thu Nov 07 18:56:36.779378 2019] [php7:notice] [pid 1404] [client 127.0.0.1:43294] PHP Notice:  Undefined variable: langar in /var/www/html/demographic_questionnaire.php on line 97, referer: http://127.0.1.1/consent_form.php?lang=eng
[Thu Nov 07 18:56:36.779411 2019] [php7:notice] [pid 1404] [client 127.0.0.1:43294] PHP Notice:  Undefined variable: langar in /var/www/html/demographic_questionnaire.php on line 106, referer: http://127.0.1.1/consent_form.php?lang=eng
[Thu Nov 07 18:56:52.900178 2019] [php7:warn] [pid 1411] [client 127.0.0.1:43298] PHP Warning:  file(/data/demographic_data.csv): failed to open stream: No such file or directory in /var/www/html/demographic.php on line 29, referer: http://127.0.1.1/demographic_questionnaire.php
[Thu Nov 07 18:56:52.900257 2019] [php7:warn] [pid 1411] [client 127.0.0.1:43298] PHP Warning:  array_map(): Argument #2 should be an array in /var/www/html/demographic.php on line 29, referer: http://127.0.1.1/demographic_questionnaire.php
[Thu Nov 07 18:56:52.900317 2019] [php7:warn] [pid 1411] [client 127.0.0.1:43298] PHP Warning:  array_walk() expects parameter 1 to be array, null given in /var/www/html/demographic.php on line 32, referer: http://127.0.1.1/demographic_questionnaire.php
[Thu Nov 07 18:56:52.900343 2019] [php7:warn] [pid 1411] [client 127.0.0.1:43298] PHP Warning:  array_shift() expects parameter 1 to be array, null given in /var/www/html/demographic.php on line 33, referer: http://127.0.1.1/demographic_questionnaire.php
[Thu Nov 07 18:56:52.935497 2019] [php7:notice] [pid 1411] [client 127.0.0.1:43298] PHP Notice:  Undefined variable: langar in /var/www/html/recorder.php on line 151, referer: http://127.0.1.1/demographic_questionnaire.php
[Thu Nov 07 18:59:45.682403 2019] [php7:notice] [pid 1199] [client 127.0.0.1:43334] PHP Notice:  Undefined variable: _SESSION in /var/www/html/demographic_questionnaire.php on line 4, referer: http://127.0.1.1/consent_form.php?lang=eng
[Thu Nov 07 18:59:45.682530 2019] [php7:error] [pid 1199] [client 127.0.0.1:43334] PHP Fatal error:  Uncaught Error: Function name must be a string in /var/www/html/demographic_questionnaire.php:4\nStack trace:\n#0 {main}\n  thrown in /var/www/html/demographic_questionnaire.php on line 4, referer: http://127.0.1.1/consent_form.php?lang=eng
[Thu Nov 07 19:01:30.208205 2019] [php7:notice] [pid 1197] [client 127.0.0.1:43344] PHP Notice:  Undefined variable: _SESSION in /var/www/html/demographic_questionnaire.php on line 4, referer: http://127.0.1.1/consent_form.php?lang=eng
[Thu Nov 07 19:01:30.208373 2019] [php7:warn] [pid 1197] [client 127.0.0.1:43344] PHP Warning:  require_once(language//main.php): failed to open stream: No such file or directory in /var/www/html/demographic_questionnaire.php on line 4, referer: http://127.0.1.1/consent_form.php?lang=eng
[Thu Nov 07 19:01:30.208425 2019] [php7:error] [pid 1197] [client 127.0.0.1:43344] PHP Fatal error:  require_once(): Failed opening required 'language//main.php' (include_path='.:/usr/share/php') in /var/www/html/demographic_questionnaire.php on line 4, referer: http://127.0.1.1/consent_form.php?lang=eng
[Thu Nov 07 19:02:44.813804 2019] [php7:notice] [pid 1195] [client 127.0.0.1:43358] PHP Notice:  Undefined variable: langar in /var/www/html/recorder.php on line 151, referer: http://127.0.1.1/demographic_questionnaire.php
[Thu Nov 07 19:03:25.870650 2019] [php7:notice] [pid 1404] [client 127.0.0.1:43374] PHP Notice:  Undefined index: RecorderList in /var/www/html/recorder.php on line 152, referer: http://127.0.1.1/demographic_questionnaire.php
[Thu Nov 07 19:03:48.118553 2019] [php7:notice] [pid 1411] [client 127.0.0.1:43382] PHP Notice:  Undefined index: lang in /var/www/html/index.php on line 3
[Thu Nov 07 19:03:48.118636 2019] [php7:notice] [pid 1411] [client 127.0.0.1:43382] PHP Notice:  Undefined index: lang in /var/www/html/index.php on line 3
[Thu Nov 07 19:03:56.528900 2019] [php7:notice] [pid 1411] [client 127.0.0.1:43382] PHP Notice:  Undefined index: ConsentTitle in /var/www/html/consent_form.php on line 93, referer: http://127.0.1.1/?lang=fra
[Thu Nov 07 19:03:56.529443 2019] [php7:notice] [pid 1411] [client 127.0.0.1:43382] PHP Notice:  Undefined index: ConsentParticipation in /var/www/html/consent_form.php on line 98, referer: http://127.0.1.1/?lang=fra
[Thu Nov 07 19:03:56.529478 2019] [php7:notice] [pid 1411] [client 127.0.0.1:43382] PHP Notice:  Undefined index: ConsentParticipationText in /var/www/html/consent_form.php on line 99, referer: http://127.0.1.1/?lang=fra
[Thu Nov 07 19:03:56.529500 2019] [php7:notice] [pid 1411] [client 127.0.0.1:43382] PHP Notice:  Undefined index: ConsentName in /var/www/html/consent_form.php on line 101, referer: http://127.0.1.1/?lang=fra
[Thu Nov 07 19:03:56.529522 2019] [php7:notice] [pid 1411] [client 127.0.0.1:43382] PHP Notice:  Undefined index: ConsentEmail in /var/www/html/consent_form.php on line 105, referer: http://127.0.1.1/?lang=fra
[Thu Nov 07 19:03:56.529543 2019] [php7:notice] [pid 1411] [client 127.0.0.1:43382] PHP Notice:  Undefined index: ConsentPublicationConsent in /var/www/html/consent_form.php on line 110, referer: http://127.0.1.1/?lang=fra
[Thu Nov 07 19:03:56.529580 2019] [php7:notice] [pid 1411] [client 127.0.0.1:43382] PHP Notice:  Undefined index: ConsentPublication in /var/www/html/consent_form.php on line 117, referer: http://127.0.1.1/?lang=fra
[Thu Nov 07 19:03:56.529601 2019] [php7:notice] [pid 1411] [client 127.0.0.1:43382] PHP Notice:  Undefined index: ConsentPublicationText in /var/www/html/consent_form.php on line 118, referer: http://127.0.1.1/?lang=fra
[Thu Nov 07 19:03:56.529621 2019] [php7:notice] [pid 1411] [client 127.0.0.1:43382] PHP Notice:  Undefined index: ConsentPublicationConsent in /var/www/html/consent_form.php on line 121, referer: http://127.0.1.1/?lang=fra
[Thu Nov 07 19:04:07.319346 2019] [php7:notice] [pid 1199] [client 127.0.0.1:43386] PHP Notice:  Undefined index: share_box in /var/www/html/consent.php on line 17, referer: http://127.0.1.1/consent_form.php?lang=fra
[Thu Nov 07 19:04:07.354812 2019] [php7:notice] [pid 1199] [client 127.0.0.1:43386] PHP Notice:  Undefined variable: _SESSION in /var/www/html/demographic_questionnaire.php on line 4, referer: http://127.0.1.1/consent_form.php?lang=fra
[Thu Nov 07 19:04:07.354962 2019] [php7:warn] [pid 1199] [client 127.0.0.1:43386] PHP Warning:  require_once(language//main.php): failed to open stream: No such file or directory in /var/www/html/demographic_questionnaire.php on line 4, referer: http://127.0.1.1/consent_form.php?lang=fra
[Thu Nov 07 19:04:07.355018 2019] [php7:error] [pid 1199] [client 127.0.0.1:43386] PHP Fatal error:  require_once(): Failed opening required 'language//main.php' (include_path='.:/usr/share/php') in /var/www/html/demographic_questionnaire.php on line 4, referer: http://127.0.1.1/consent_form.php?lang=fra
[Thu Nov 07 19:04:52.971845 2019] [php7:notice] [pid 1197] [client 127.0.0.1:43390] PHP Notice:  Undefined index: DemoTitle in /var/www/html/demographic_questionnaire.php on line 78, referer: http://127.0.1.1/consent_form.php?lang=fra
[Thu Nov 07 19:04:52.971911 2019] [php7:notice] [pid 1197] [client 127.0.0.1:43390] PHP Notice:  Undefined index: Age in /var/www/html/demographic_questionnaire.php on line 83, referer: http://127.0.1.1/consent_form.php?lang=fra
[Thu Nov 07 19:04:52.971935 2019] [php7:notice] [pid 1197] [client 127.0.0.1:43390] PHP Notice:  Undefined index: Gender in /var/www/html/demographic_questionnaire.php on line 87, referer: http://127.0.1.1/consent_form.php?lang=fra
[Thu Nov 07 19:04:52.971957 2019] [php7:notice] [pid 1197] [client 127.0.0.1:43390] PHP Notice:  Undefined index: PoB in /var/www/html/demographic_questionnaire.php on line 91, referer: http://127.0.1.1/consent_form.php?lang=fra
[Thu Nov 07 19:04:52.971978 2019] [php7:notice] [pid 1197] [client 127.0.0.1:43390] PHP Notice:  Undefined index: Location in /var/www/html/demographic_questionnaire.php on line 95, referer: http://127.0.1.1/consent_form.php?lang=fra
[Thu Nov 07 19:04:52.971999 2019] [php7:notice] [pid 1197] [client 127.0.0.1:43390] PHP Notice:  Undefined index: SpokenLanguages in /var/www/html/demographic_questionnaire.php on line 100, referer: http://127.0.1.1/consent_form.php?lang=fra
[Thu Nov 07 19:04:52.972020 2019] [php7:notice] [pid 1197] [client 127.0.0.1:43390] PHP Notice:  Undefined index: Next in /var/www/html/demographic_questionnaire.php on line 109, referer: http://127.0.1.1/consent_form.php?lang=fra
[Thu Nov 07 19:05:00.448273 2019] [php7:warn] [pid 1205] [client 127.0.0.1:43392] PHP Warning:  file(/data/demographic_data.csv): failed to open stream: No such file or directory in /var/www/html/demographic.php on line 29, referer: http://127.0.1.1/demographic_questionnaire.php
[Thu Nov 07 19:05:00.448344 2019] [php7:warn] [pid 1205] [client 127.0.0.1:43392] PHP Warning:  array_map(): Argument #2 should be an array in /var/www/html/demographic.php on line 29, referer: http://127.0.1.1/demographic_questionnaire.php
[Thu Nov 07 19:05:00.448381 2019] [php7:warn] [pid 1205] [client 127.0.0.1:43392] PHP Warning:  array_walk() expects parameter 1 to be array, null given in /var/www/html/demographic.php on line 32, referer: http://127.0.1.1/demographic_questionnaire.php
[Thu Nov 07 19:05:00.448430 2019] [php7:warn] [pid 1205] [client 127.0.0.1:43392] PHP Warning:  array_shift() expects parameter 1 to be array, null given in /var/www/html/demographic.php on line 33, referer: http://127.0.1.1/demographic_questionnaire.php
[Thu Nov 07 19:05:00.462125 2019] [php7:notice] [pid 1205] [client 127.0.0.1:43392] PHP Notice:  Undefined index: RecorderList in /var/www/html/recorder.php on line 152, referer: http://127.0.1.1/demographic_questionnaire.php
[Thu Nov 07 19:05:52.059781 2019] [php7:notice] [pid 1407] [client 127.0.0.1:43400] PHP Notice:  Undefined index: share_box in /var/www/html/consent.php on line 17, referer: http://127.0.1.1/consent_form.php?lang=eng
[Thu Nov 07 19:06:10.648921 2019] [php7:warn] [pid 1411] [client 127.0.0.1:43406] PHP Warning:  file(/data/demographic_data.csv): failed to open stream: No such file or directory in /var/www/html/demographic.php on line 29, referer: http://127.0.1.1/demographic_questionnaire.php
[Thu Nov 07 19:06:10.648998 2019] [php7:warn] [pid 1411] [client 127.0.0.1:43406] PHP Warning:  array_map(): Argument #2 should be an array in /var/www/html/demographic.php on line 29, referer: http://127.0.1.1/demographic_questionnaire.php
[Thu Nov 07 19:06:10.649032 2019] [php7:warn] [pid 1411] [client 127.0.0.1:43406] PHP Warning:  array_walk() expects parameter 1 to be array, null given in /var/www/html/demographic.php on line 32, referer: http://127.0.1.1/demographic_questionnaire.php
[Thu Nov 07 19:06:10.649059 2019] [php7:warn] [pid 1411] [client 127.0.0.1:43406] PHP Warning:  array_shift() expects parameter 1 to be array, null given in /var/www/html/demographic.php on line 33, referer: http://127.0.1.1/demographic_questionnaire.php
[Thu Nov 07 19:06:10.665684 2019] [php7:notice] [pid 1411] [client 127.0.0.1:43406] PHP Notice:  Undefined index: RecorderList in /var/www/html/recorder.php on line 152, referer: http://127.0.1.1/demographic_questionnaire.php
[Thu Nov 07 19:11:40.327915 2019] [php7:notice] [pid 1195] [client 127.0.0.1:43442] PHP Notice:  Undefined index: share_box in /var/www/html/consent.php on line 17, referer: http://127.0.1.1/consent_form.php?lang=fra
[Thu Nov 07 19:11:53.343791 2019] [php7:warn] [pid 1404] [client 127.0.0.1:43446] PHP Warning:  file(/data/demographic_data.csv): failed to open stream: No such file or directory in /var/www/html/demographic.php on line 29, referer: http://127.0.1.1/demographic_questionnaire.php
[Thu Nov 07 19:11:53.343863 2019] [php7:warn] [pid 1404] [client 127.0.0.1:43446] PHP Warning:  array_map(): Argument #2 should be an array in /var/www/html/demographic.php on line 29, referer: http://127.0.1.1/demographic_questionnaire.php
[Thu Nov 07 19:11:53.343898 2019] [php7:warn] [pid 1404] [client 127.0.0.1:43446] PHP Warning:  array_walk() expects parameter 1 to be array, null given in /var/www/html/demographic.php on line 32, referer: http://127.0.1.1/demographic_questionnaire.php
[Thu Nov 07 19:11:53.343926 2019] [php7:warn] [pid 1404] [client 127.0.0.1:43446] PHP Warning:  array_shift() expects parameter 1 to be array, null given in /var/www/html/demographic.php on line 33, referer: http://127.0.1.1/demographic_questionnaire.php
[Thu Nov 07 22:12:23.899430 2019] [php7:notice] [pid 1411] [client 127.0.0.1:43878] PHP Notice:  Undefined index: lang in /var/www/html/index.php on line 3
[Thu Nov 07 22:12:23.899510 2019] [php7:notice] [pid 1411] [client 127.0.0.1:43878] PHP Notice:  Undefined index: lang in /var/www/html/index.php on line 3
[Thu Nov 07 22:14:10.787249 2019] [php7:emerg] [pid 1205] [client 127.0.0.1:43930] PHP Parse error:  syntax error, unexpected 'if' (T_IF) in /var/www/html/index.php on line 3
[Thu Nov 07 22:14:19.638147 2019] [php7:notice] [pid 1195] [client 127.0.0.1:43932] PHP Notice:  Undefined index: lang in /var/www/html/index.php on line 3
[Thu Nov 07 22:14:19.638211 2019] [php7:notice] [pid 1195] [client 127.0.0.1:43932] PHP Notice:  Undefined index: lang in /var/www/html/index.php on line 3
[Thu Nov 07 22:20:36.484942 2019] [php7:warn] [pid 1196] [client 127.0.0.1:44008] PHP Warning:  require_once(language/fr/main.php): failed to open stream: No such file or directory in /var/www/html/consent_form.php on line 10
[Thu Nov 07 22:20:36.485049 2019] [php7:error] [pid 1196] [client 127.0.0.1:44008] PHP Fatal error:  require_once(): Failed opening required 'language/fr/main.php' (include_path='.:/usr/share/php') in /var/www/html/consent_form.php on line 10
[Thu Nov 07 22:21:23.273632 2019] [php7:warn] [pid 1411] [client 127.0.0.1:44016] PHP Warning:  require_once(language/fr/main.php): failed to open stream: No such file or directory in /var/www/html/consent_form.php on line 10
[Thu Nov 07 22:21:23.273759 2019] [php7:error] [pid 1411] [client 127.0.0.1:44016] PHP Fatal error:  require_once(): Failed opening required 'language/fr/main.php' (include_path='.:/usr/share/php') in /var/www/html/consent_form.php on line 10
